

=== Test Results
TEST NAME                                 OUTCOME  MESSAGE  RUNTIME (MS)
────────────────────────────────────────  ───────  ───────  ────────────
SimpleClassTest.testConstructorAndMethod  Pass              11          


=== Apex Code Coverage by Class
CLASSES      PERCENT  UNCOVERED LINES
───────────  ───────  ───────────────
SimpleClass  100%                    


=== Test Summary
NAME                 VALUE                                      
───────────────────  ───────────────────────────────────────────
Outcome              Passed                                     
Tests Ran            1                                          
Pass Rate            100%                                       
Fail Rate            0%                                         
Skip Rate            0%                                         
Test Run Id          707F7000038cUeD                            
Test Setup Time      0 ms                                       
Test Execution Time  11 ms                                      
Test Total Time      11 ms                                      
Org Id               00DF700000021MVMAY                         
Username             narendra.udemalla-gbz5@force.com.developer1
Org Wide Coverage    100%                                       
